2026-02-10 09:41:16,807 - INFO - Logging to D:\NCBI blast\src\..\logs\application_20260210_094116.log
2026-02-10 09:41:19,604 - INFO - ==================================================
2026-02-10 09:41:19,604 - INFO - 环境检查报告
2026-02-10 09:41:19,604 - INFO - ==================================================
2026-02-10 09:41:19,604 - INFO - 检查项目:
2026-02-10 09:41:19,604 - INFO - ✓ Python版本: 3.13.5
2026-02-10 09:41:19,604 - INFO - ✓ PyQt6 (含 WebEngine) 可用
2026-02-10 09:41:19,604 - INFO - ✓ 找到BLAST命令: blastn, blastp, blastx, tblastn, makeblastdb
2026-02-10 09:41:19,604 - INFO - ✓ 必要的Python模块已安装: Bio, requests, numpy...
2026-02-10 09:41:19,604 - INFO - ✓ 系统: Windows
2026-02-10 09:41:19,604 - INFO - ✓ 磁盘空间充足: 137.53GB可用
2026-02-10 09:41:19,604 - INFO - ✓ 配置文件存在
2026-02-10 09:41:19,604 - INFO - ✓ src.gui模块可以正常导入
2026-02-10 09:41:19,604 - INFO - ==================================================
2026-02-10 09:41:19,604 - INFO - 环境检查通过！程序可以正常启动。
2026-02-10 09:41:19,604 - INFO - ==================================================
2026-02-10 09:41:19,604 - INFO - Creating QApplication...
2026-02-10 09:41:19,668 - INFO - ConfigManager initializing. Path: D:\NCBI blast\config.json
2026-02-10 09:41:19,669 - INFO - BLAST path added to environment: C:\Program Files\NCBI\blast-2.16.0+\bin
2026-02-10 09:41:19,669 - INFO - Creating MainWindow...
2026-02-10 09:41:19,688 - INFO - Checking storage health: Shared Dictionary
2026-02-10 09:41:20,254 - INFO - Loading Web Container from: file:///D:/NCBI blast/src/web/index.html
2026-02-10 09:41:20,447 - INFO - MainWindow created successfully
2026-02-10 09:41:20,640 - INFO - Main window geometry: PyQt6.QtCore.QRect(7, 30, 1400, 900)
2026-02-10 09:41:20,641 - INFO - Main window visible: True
2026-02-10 09:41:21,329 - INFO - Loaded translation pack: en_US
2026-02-10 09:41:21,330 - INFO - Loaded translation pack: zh_CN
2026-02-10 09:41:21,352 - INFO - Web Container Report: Ready
2026-02-10 09:56:56,505 - INFO - 翻译数据库初始化: A=translations.db, B=translations_backup.db
2026-02-10 09:56:56,505 - INFO - 启动自愈诊断: 库A稳定=False, 库B稳定=False
2026-02-10 09:56:56,513 - INFO - 检测到新数据库，开始从 CSV 迁移旧数据...
2026-02-10 09:56:56,514 - INFO - 执行应用关闭同步逻辑 (A -> B)...
2026-02-10 09:56:56,515 - INFO - 数据库同步成功: translations.db -> translations_backup.db
2026-02-10 09:56:56,543 - INFO - 所有子进程已清理
